START after-extra tests/auth_entry_dom_test.py
END after-extra tests/auth_entry_dom_test.py 0
START after-extra tests/auth_session_service_test.cjs
END after-extra tests/auth_session_service_test.cjs 1
START after-extra tests/dictation_host_test.cjs
END after-extra tests/dictation_host_test.cjs 0
START after-extra tests/multi_institution_worklist_dom_test.py
END after-extra tests/multi_institution_worklist_dom_test.py 0
START after-extra tests/order_reconciliation_dom_test.py
END after-extra tests/order_reconciliation_dom_test.py 0
START after-extra tests/related_layout_dom_test.py
END after-extra tests/related_layout_dom_test.py 0
START after-extra tests/report_session_page_dom_test.py
END after-extra tests/report_session_page_dom_test.py 0
START after-extra tests/report_structure_client_test.cjs
END after-extra tests/report_structure_client_test.cjs 0
START after-extra tests/report_text_boundaries_dom_test.py
END after-extra tests/report_text_boundaries_dom_test.py 0
START after-extra tests/session_modules_dom_test.py
END after-extra tests/session_modules_dom_test.py 0
START after-extra tests/session_work_gate_test.cjs
END after-extra tests/session_work_gate_test.cjs 0
START after-extra tests/worklist_narrow_layout_dom_test.py
END after-extra tests/worklist_narrow_layout_dom_test.py 0
START after-extra tests/worklist_search_owner_dom_test.py
END after-extra tests/worklist_search_owner_dom_test.py 0
START after-extra tests/main_move_test.cjs
END after-extra tests/main_move_test.cjs 0
