START after tests/admin_metrics_dom_test.py
END after tests/admin_metrics_dom_test.py 0
START after tests/clinical_context_dom_test.py
END after tests/clinical_context_dom_test.py 0
START after tests/clinician_home_dom_test.py
END after tests/clinician_home_dom_test.py 0
START after tests/clinician_question_dom_test.py
END after tests/clinician_question_dom_test.py 0
START after tests/clinician_request_dom_test.py
END after tests/clinician_request_dom_test.py 0
START after tests/critical_result_recipient_dom_test.py
END after tests/critical_result_recipient_dom_test.py 0
START after tests/critical_result_sender_dom_test.py
END after tests/critical_result_sender_dom_test.py 0
START after tests/finding_command_test.cjs
END after tests/finding_command_test.cjs 0
START after tests/finding_link_model_test.cjs
END after tests/finding_link_model_test.cjs 0
START after tests/gateway_receipt_source_test.py
END after tests/gateway_receipt_source_test.py 0
START after tests/gateway_retry_source_test.py
END after tests/gateway_retry_source_test.py 0
START after tests/order_reconciliation_source_test.py
END after tests/order_reconciliation_source_test.py 0
START after tests/report_actions_dom_test.py
END after tests/report_actions_dom_test.py 0
START after tests/report_citation_dom_test.py
END after tests/report_citation_dom_test.py 0
START after tests/report_cursor_insert_dom_test.py
END after tests/report_cursor_insert_dom_test.py 0
START after tests/report_cursor_insert_mutants.py
END after tests/report_cursor_insert_mutants.py 0
START after tests/report_dictation_capture_dom_test.py
END after tests/report_dictation_capture_dom_test.py 0
START after tests/report_dictation_host_dom_test.py
END after tests/report_dictation_host_dom_test.py 0
START after tests/report_dictation_input_dom_test.py
END after tests/report_dictation_input_dom_test.py 0
START after tests/report_preview_citation_dom_test.py
END after tests/report_preview_citation_dom_test.py 0
START after tests/report_rebase_dom_test.py
END after tests/report_rebase_dom_test.py 0
START after tests/report_rebase_model_test.cjs
END after tests/report_rebase_model_test.cjs 0
START after tests/report_structure_dom_test.py
END after tests/report_structure_dom_test.py 0
START after tests/report_structure_mutants.py
END after tests/report_structure_mutants.py 0
START after tests/report_version_citation_dom_test.py
END after tests/report_version_citation_dom_test.py 1
START after tests/report_version_citation_mutants.py
END after tests/report_version_citation_mutants.py 1
START after tests/sr_tree_test.cjs
END after tests/sr_tree_test.cjs 0
START after tests/study_identity_dom_test.py
END after tests/study_identity_dom_test.py 0
START after tests/study_identity_source_test.py
END after tests/study_identity_source_test.py 0
START after tests/study_observation_test.py
END after tests/study_observation_test.py 0
START after tests/viewer_window_manager_dom_test.py
END after tests/viewer_window_manager_dom_test.py 0
START after tests/window_position_persistence_test.cjs
END after tests/window_position_persistence_test.cjs 0
START after tests/worklist_arrivals_dom_test.py
END after tests/worklist_arrivals_dom_test.py 0
START after tests/worklist_body_parts_dom_test.py
END after tests/worklist_body_parts_dom_test.py 0
START after tests/worklist_header_dom_test.py
END after tests/worklist_header_dom_test.py 0
START after tests/worklist_image_thumbnails_dom_test.py
END after tests/worklist_image_thumbnails_dom_test.py 0
START after tests/worklist_prior_test.cjs
END after tests/worklist_prior_test.cjs 0
START after tests/worklist_toolbar_dom_test.py
END after tests/worklist_toolbar_dom_test.py 0
START after tests/report_citation_client_test.cjs
END after tests/report_citation_client_test.cjs 0
START after tests/auth_logout_dom_test.py
END after tests/auth_logout_dom_test.py 0
