START after-fixture tests/report_citation_dom_test.py
END after-fixture tests/report_citation_dom_test.py 0
START after-fixture tests/report_cursor_insert_dom_test.py
END after-fixture tests/report_cursor_insert_dom_test.py 0
START after-fixture tests/report_cursor_insert_mutants.py
END after-fixture tests/report_cursor_insert_mutants.py 0
START after-fixture tests/report_dictation_capture_dom_test.py
END after-fixture tests/report_dictation_capture_dom_test.py 0
START after-fixture tests/report_dictation_host_dom_test.py
END after-fixture tests/report_dictation_host_dom_test.py 0
START after-fixture tests/report_dictation_input_dom_test.py
END after-fixture tests/report_dictation_input_dom_test.py 0
START after-fixture tests/report_rebase_dom_test.py
END after-fixture tests/report_rebase_dom_test.py 0
START after-fixture tests/report_rebase_model_test.cjs
END after-fixture tests/report_rebase_model_test.cjs 0
START after-fixture tests/report_structure_dom_test.py
END after-fixture tests/report_structure_dom_test.py 0
START after-fixture tests/report_structure_mutants.py
END after-fixture tests/report_structure_mutants.py 0
START after-fixture tests/report_version_citation_dom_test.py
END after-fixture tests/report_version_citation_dom_test.py 0
START after-fixture tests/report_version_citation_mutants.py
END after-fixture tests/report_version_citation_mutants.py 0
