START before tests/admin_metrics_dom_test.py
END before tests/admin_metrics_dom_test.py 0
START before tests/clinical_context_dom_test.py
END before tests/clinical_context_dom_test.py 0
START before tests/clinician_home_dom_test.py
END before tests/clinician_home_dom_test.py 0
START before tests/clinician_question_dom_test.py
END before tests/clinician_question_dom_test.py 0
START before tests/clinician_request_dom_test.py
END before tests/clinician_request_dom_test.py 0
START before tests/critical_result_recipient_dom_test.py
END before tests/critical_result_recipient_dom_test.py 0
START before tests/critical_result_sender_dom_test.py
END before tests/critical_result_sender_dom_test.py 0
START before tests/finding_command_test.cjs
END before tests/finding_command_test.cjs 0
START before tests/finding_link_model_test.cjs
END before tests/finding_link_model_test.cjs 0
START before tests/gateway_receipt_source_test.py
END before tests/gateway_receipt_source_test.py 0
START before tests/gateway_retry_source_test.py
END before tests/gateway_retry_source_test.py 0
START before tests/order_reconciliation_source_test.py
END before tests/order_reconciliation_source_test.py 0
START before tests/report_actions_dom_test.py
END before tests/report_actions_dom_test.py 0
START before tests/report_citation_dom_test.py
END before tests/report_citation_dom_test.py 0
START before tests/report_cursor_insert_dom_test.py
END before tests/report_cursor_insert_dom_test.py 0
START before tests/report_cursor_insert_mutants.py
END before tests/report_cursor_insert_mutants.py 0
START before tests/report_dictation_capture_dom_test.py
END before tests/report_dictation_capture_dom_test.py 0
START before tests/report_dictation_host_dom_test.py
END before tests/report_dictation_host_dom_test.py 0
START before tests/report_dictation_input_dom_test.py
END before tests/report_dictation_input_dom_test.py 0
START before tests/report_preview_citation_dom_test.py
END before tests/report_preview_citation_dom_test.py 0
START before tests/report_rebase_dom_test.py
END before tests/report_rebase_dom_test.py 0
START before tests/report_rebase_model_test.cjs
END before tests/report_rebase_model_test.cjs 0
START before tests/report_structure_dom_test.py
END before tests/report_structure_dom_test.py 0
START before tests/report_structure_mutants.py
END before tests/report_structure_mutants.py 0
START before tests/report_version_citation_dom_test.py
END before tests/report_version_citation_dom_test.py 0
START before tests/report_version_citation_mutants.py
END before tests/report_version_citation_mutants.py 0
START before tests/sr_tree_test.cjs
END before tests/sr_tree_test.cjs 0
START before tests/study_identity_dom_test.py
END before tests/study_identity_dom_test.py 0
START before tests/study_identity_source_test.py
END before tests/study_identity_source_test.py 0
START before tests/study_observation_test.py
END before tests/study_observation_test.py 0
START before tests/viewer_window_manager_dom_test.py
END before tests/viewer_window_manager_dom_test.py 0
START before tests/window_position_persistence_test.cjs
END before tests/window_position_persistence_test.cjs 0
START before tests/worklist_arrivals_dom_test.py
END before tests/worklist_arrivals_dom_test.py 0
START before tests/worklist_body_parts_dom_test.py
END before tests/worklist_body_parts_dom_test.py 0
START before tests/worklist_header_dom_test.py
END before tests/worklist_header_dom_test.py 0
START before tests/worklist_image_thumbnails_dom_test.py
END before tests/worklist_image_thumbnails_dom_test.py 0
START before tests/worklist_prior_test.cjs
END before tests/worklist_prior_test.cjs 0
START before tests/worklist_toolbar_dom_test.py
END before tests/worklist_toolbar_dom_test.py 0
START before tests/report_citation_client_test.cjs
END before tests/report_citation_client_test.cjs 0
START before tests/auth_logout_dom_test.py
END before tests/auth_logout_dom_test.py 0
