main.html sha256 0ed62cf6ee57f011e2ac2ea02574592d424def403ad3fcac521aebd545eac239
BASELINE exit=0 cases=10 ok=True
M01 case=EarlyInputSplit.test_B1_03_45_hold_report_editor_js exit=1 expect_matched=True killed=True
      HazardFailure: B1-03: uncaught errors on the early input: ['ReferenceError: selectionSeq is not defined', 'ReferenceError: selectionSeq is not defined', 'ReferenceError: selectionSeq is not defined']
M02 case=EarlyInputSplit.test_B1_05_45_hold_worklist_columns_view_js exit=1 expect_matched=True killed=True
      HazardFailure: B1-05: uncaught errors on the early input: ['ReferenceError: studies is not defined', 'ReferenceError: studies is not defined', 'ReferenceError: studies is not defined', 'ReferenceError: studies is not defined', 'ReferenceError: studies is not defined']
M03 case=EarlyInputSplit.test_B1_05_45_hold_worklist_columns_view_js exit=1 expect_matched=True killed=True
      HazardFailure: B1-05: uncaught errors on the early input: ['ReferenceError: selectedUid is not defined', 'ReferenceError: selectedUid is not defined']
M04 case=EarlyInputSplit.test_B1_05_45_hold_current_study_js exit=1 expect_matched=True killed=True
      HazardFailure: B1-05: uncaught errors on the early input: ['ReferenceError: cur is not defined', 'ReferenceError: cur is not defined', 'ReferenceError: cur is not defined', 'ReferenceError: cur is not defined', 'ReferenceError: cur is not defined']
M05 case=EarlyInputSplit.test_B1_05_45_hold_current_study_js exit=1 expect_matched=True killed=True
      HazardFailure: B1-05: uncaught errors on the early input: ['ReferenceError: RFIELDS is not defined', 'ReferenceError: RFIELDS is not defined']
M06 case=EarlyInputSplit.test_B1_05_45_hold_current_study_js exit=1 expect_matched=True killed=True
      HazardFailure: B1-05: uncaught errors on the early input: ['ReferenceError: reportWriteBlock is not defined', 'ReferenceError: reportWriteBlock is not defined']
M07 case=EarlyInputSplit.test_B1_05_TAB_45_hold_report_draft_save_js exit=1 expect_matched=True killed=True
      HazardFailure: B1-05-TAB: uncaught errors on the early input: ['ReferenceError: editReport is not defined']
M08 case=EarlyInputSplit.test_B1_15_45_leave_while_holding_worklist_view_js exit=1 expect_matched=True killed=True
      HazardFailure: B1-15/41/42/45: errors while leaving the page at the early moment: ['ReferenceError: relatedModalities is not defined', 'console.error: Emergency status rendering failed ReferenceError: relatedModalities is not defined\n    at renderRelated (https://syn.test/worklist/hpacs-lite/worklist-state.js:48:46)\n    at changed (https://syn.test/worklist/hpacs-lite/worklist-data.js:431:29)\n    at update (https://syn.test/worklist/hpacs-lite/study-priority.js:6:27)\n    at end (https://syn.test/worklist/hpacs-lite/study-priority.js:28:47)\n    at wrapper (<anonymous>:91:68)']
M09 case=EarlyInputSplit.test_B1_15_45_leave_while_holding_worklist_view_js exit=1 expect_matched=True killed=True
      HazardFailure: B1-15/41/42/45: errors while leaving the page at the early moment: ['ReferenceError: relatedPageQuery is not defined', 'console.error: Emergency status rendering failed ReferenceError: relatedPageQuery is not defined\n    at renderRelated (https://syn.test/worklist/hpacs-lite/worklist-state.js:69:25)\n    at changed (https://syn.test/worklist/hpacs-lite/worklist-data.js:431:29)\n    at update (https://syn.test/worklist/hpacs-lite/study-priority.js:6:27)\n    at end (https://syn.test/worklist/hpacs-lite/study-priority.js:28:47)\n    at wrapper (<anonymous>:91:68)']
M10 case=EarlyInputSplit.test_B1_15_45_leave_while_holding_worklist_view_js exit=1 expect_matched=True killed=True
      HazardFailure: B1-15/41/42/45: errors while leaving the page at the early moment: ['ReferenceError: renderRelated is not defined', 'console.error: Emergency status rendering failed ReferenceError: renderRelated is not defined\n    at changed (https://syn.test/worklist/hpacs-lite/worklist-data.js:431:29)\n    at update (https://syn.test/worklist/hpacs-lite/study-priority.js:6:27)\n    at end (https://syn.test/worklist/hpacs-lite/study-priority.js:28:47)\n    at wrapper (<anonymous>:91:68)']
M11 case=EarlyInputSplit.test_B1_15_45_leave_while_holding_worklist_view_js exit=1 expect_matched=True killed=True
      HazardFailure: B1-15/41/42/45: errors while leaving the page at the early moment: ['console.error: Emergency status rendering failed ReferenceError: savedFilterDays is not defined\n    at filteredFor (https://syn.test/worklist/hpacs-lite/worklist-data.js:151:20)\n    at filtered (https://syn.test/worklist/hpacs-lite/worklist-data.js:167:41)\n    at orderedStudies (https://syn.test/worklist/hpacs-lite/worklist-data.js:174:20)\n    at render (https://syn.test/worklist/hpacs-lite/worklist-data.js:182:20)\n    at changed (https://syn.test/worklist/hpacs-lite/worklist-data.js:425:20)\n    at update
M12 case=EarlyInputSplit.test_B1_15_45_leave_while_holding_worklist_view_js exit=1 expect_matched=True killed=True
      HazardFailure: B1-15/41/42/45: errors while leaving the page at the early moment: ['console.error: Emergency status rendering failed ReferenceError: filteredFor is not defined\n    at filtered (https://syn.test/worklist/hpacs-lite/worklist-data.js:155:26)\n    at orderedStudies (https://syn.test/worklist/hpacs-lite/worklist-data.js:162:20)\n    at render (https://syn.test/worklist/hpacs-lite/worklist-data.js:170:20)\n    at changed (https://syn.test/worklist/hpacs-lite/worklist-data.js:413:20)\n    at update (https://syn.test/worklist/hpacs-lite/study-priority.js:6:27)\n    at end (https://syn
M13 case=EarlyInputSplit.test_B1_15_45_leave_while_holding_worklist_view_js exit=1 expect_matched=True killed=True
      HazardFailure: B1-15/41/42/45: errors while leaving the page at the early moment: ['console.error: Emergency status rendering failed ReferenceError: consultationFilter is not defined\n    at filtered (https://syn.test/worklist/hpacs-lite/worklist-data.js:175:7)\n    at orderedStudies (https://syn.test/worklist/hpacs-lite/worklist-data.js:179:20)\n    at render (https://syn.test/worklist/hpacs-lite/worklist-data.js:187:20)\n    at changed (https://syn.test/worklist/hpacs-lite/worklist-data.js:430:20)\n    at update (https://syn.test/worklist/hpacs-lite/study-priority.js:6:27)\n    at end (https
M14 case=EarlyInputSplit.test_B1_15_45_leave_while_holding_worklist_view_js exit=1 expect_matched=True killed=True
      HazardFailure: B1-15/41/42/45: errors while leaving the page at the early moment: ['console.error: Emergency status rendering failed ReferenceError: searchCriteria is not defined\n    at filtered (https://syn.test/worklist/hpacs-lite/worklist-data.js:172:59)\n    at orderedStudies (https://syn.test/worklist/hpacs-lite/worklist-data.js:179:20)\n    at render (https://syn.test/worklist/hpacs-lite/worklist-data.js:187:20)\n    at changed (https://syn.test/worklist/hpacs-lite/worklist-data.js:430:20)\n    at update (https://syn.test/worklist/hpacs-lite/study-priority.js:6:27)\n    at end (https://
M15 case=EarlyInputSplit.test_B1_15_45_leave_while_holding_worklist_view_js exit=1 expect_matched=True killed=True
      HazardFailure: B1-15/41/42/45: errors while leaving the page at the early moment: ['console.error: Emergency status rendering failed ReferenceError: filtered is not defined\n    at orderedStudies (https://syn.test/worklist/hpacs-lite/worklist-data.js:173:20)\n    at render (https://syn.test/worklist/hpacs-lite/worklist-data.js:181:20)\n    at changed (https://syn.test/worklist/hpacs-lite/worklist-data.js:424:20)\n    at update (https://syn.test/worklist/hpacs-lite/study-priority.js:6:27)\n    at end (https://syn.test/worklist/hpacs-lite/study-priority.js:28:47)\n    at wrapper (<anonymous>:91:
M16 case=EarlyInputSplit.test_B1_15_45_leave_while_holding_worklist_view_js exit=1 expect_matched=True killed=True
      HazardFailure: B1-15/41/42/45: errors while leaving the page at the early moment: ['console.error: Emergency status rendering failed ReferenceError: orderedStudies is not defined\n    at render (https://syn.test/worklist/hpacs-lite/worklist-data.js:181:20)\n    at changed (https://syn.test/worklist/hpacs-lite/worklist-data.js:424:20)\n    at update (https://syn.test/worklist/hpacs-lite/study-priority.js:6:27)\n    at end (https://syn.test/worklist/hpacs-lite/study-priority.js:28:47)\n    at wrapper (<anonymous>:91:68)']
M17 case=EarlyInputSplit.test_B1_15_45_leave_while_holding_worklist_view_js exit=1 expect_matched=True killed=True
      HazardFailure: B1-15/41/42/45: errors while leaving the page at the early moment: ['console.error: Emergency status rendering failed ReferenceError: resultQuery is not defined\n    at render (https://syn.test/worklist/hpacs-lite/worklist-data.js:192:21)\n    at changed (https://syn.test/worklist/hpacs-lite/worklist-data.js:430:20)\n    at update (https://syn.test/worklist/hpacs-lite/study-priority.js:6:27)\n    at end (https://syn.test/worklist/hpacs-lite/study-priority.js:28:47)\n    at wrapper (<anonymous>:91:68)']
M18 case=EarlyInputSplit.test_B1_15_45_leave_while_holding_worklist_view_js exit=1 expect_matched=True killed=True
      HazardFailure: B1-15/41/42/45: errors while leaving the page at the early moment: ['console.error: Emergency status rendering failed ReferenceError: render is not defined\n    at changed (https://syn.test/worklist/hpacs-lite/worklist-data.js:349:20)\n    at update (https://syn.test/worklist/hpacs-lite/study-priority.js:6:27)\n    at end (https://syn.test/worklist/hpacs-lite/study-priority.js:28:47)\n    at wrapper (<anonymous>:91:68)']
M19 case=EarlyInputSplit.test_B1_15_45_leave_while_holding_worklist_view_js exit=1 expect_matched=True killed=True
      HazardFailure: B1-15/41/42/45: errors while leaving the page at the early moment: ['console.error: Emergency status rendering failed ReferenceError: relatedStudy is not defined\n    at viewed (https://syn.test/worklist/hpacs-lite/worklist-data.js:268:25)\n    at renderStudyIdentity (https://syn.test/worklist/hpacs-lite/worklist-data.js:272:17)\n    at render (https://syn.test/worklist/hpacs-lite/worklist-data.js:266:7)\n    at changed (https://syn.test/worklist/hpacs-lite/worklist-data.js:430:20)\n    at update (https://syn.test/worklist/hpacs-lite/study-priority.js:6:27)\n    at end (https://
M20 case=EarlyInputSplit.test_B1_15_45_leave_while_holding_worklist_view_js exit=1 expect_matched=True killed=True
      HazardFailure: B1-15/41/42/45: errors while leaving the page at the early moment: ['console.error: Emergency status rendering failed ReferenceError: viewed is not defined\n    at renderStudyIdentity (https://syn.test/worklist/hpacs-lite/worklist-data.js:272:17)\n    at render (https://syn.test/worklist/hpacs-lite/worklist-data.js:266:7)\n    at changed (https://syn.test/worklist/hpacs-lite/worklist-data.js:430:20)\n    at update (https://syn.test/worklist/hpacs-lite/study-priority.js:6:27)\n    at end (https://syn.test/worklist/hpacs-lite/study-priority.js:28:47)\n    at wrapper (<anonymous>:9
M21 case=EarlyInputSplit.test_B1_15_45_leave_while_holding_worklist_view_js exit=1 expect_matched=True killed=True
      HazardFailure: B1-15/41/42/45: errors while leaving the page at the early moment: ['console.error: Emergency status rendering failed ReferenceError: renderStudyIdentity is not defined\n    at render (https://syn.test/worklist/hpacs-lite/worklist-data.js:266:7)\n    at changed (https://syn.test/worklist/hpacs-lite/worklist-data.js:407:20)\n    at update (https://syn.test/worklist/hpacs-lite/study-priority.js:6:27)\n    at end (https://syn.test/worklist/hpacs-lite/study-priority.js:28:47)\n    at wrapper (<anonymous>:91:68)']
M22 case=EarlyInputSplit.test_B1_15_45_leave_while_holding_worklist_view_js exit=1 expect_matched=True killed=True
      HazardFailure: B1-15/41/42/45: errors while leaving the page at the early moment: ['console.error: Emergency status rendering failed ReferenceError: renderDraftHint is not defined\n    at updateReportButtons (https://syn.test/worklist/hpacs-lite/worklist-data.js:358:7)\n    at changed (https://syn.test/worklist/hpacs-lite/worklist-data.js:417:45)\n    at update (https://syn.test/worklist/hpacs-lite/study-priority.js:6:27)\n    at end (https://syn.test/worklist/hpacs-lite/study-priority.js:28:47)\n    at wrapper (<anonymous>:91:68)']
M23 case=EarlyInputSplit.test_B1_15_45_leave_while_holding_worklist_view_js exit=1 expect_matched=True killed=True
      HazardFailure: B1-15/41/42/45: errors while leaving the page at the early moment: ['console.error: Emergency status rendering failed ReferenceError: heldByOther is not defined\n    at updateReportButtons (https://syn.test/worklist/hpacs-lite/worklist-data.js:313:20)\n    at changed (https://syn.test/worklist/hpacs-lite/worklist-data.js:430:45)\n    at update (https://syn.test/worklist/hpacs-lite/study-priority.js:6:27)\n    at end (https://syn.test/worklist/hpacs-lite/study-priority.js:28:47)\n    at wrapper (<anonymous>:91:68)']
M24 case=EarlyInputSplit.test_B1_15_45_leave_while_holding_worklist_view_js exit=1 expect_matched=True killed=True
      HazardFailure: B1-15/41/42/45: errors while leaving the page at the early moment: ['console.error: Emergency status rendering failed ReferenceError: updateReportButtons is not defined\n    at changed (https://syn.test/worklist/hpacs-lite/worklist-data.js:361:45)\n    at update (https://syn.test/worklist/hpacs-lite/study-priority.js:6:27)\n    at end (https://syn.test/worklist/hpacs-lite/study-priority.js:28:47)\n    at wrapper (<anonymous>:91:68)']
M25 case=EarlyInputSplit.test_B1_58_45_hold_saved_filters_js exit=1 expect_matched=True killed=True
      AssertionError: {'qui[48 chars]s': 'SYN Local Search (0)', 'saved': None, 'ro[19 chars]und'} != {'qui[48 chars]s': '', 'saved': None, 'rows': 'No records found'}
M26 case=UnsplitControl.test_B1_58_unsplit exit=1 expect_matched=True killed=True
      AssertionError: {'qui[48 chars]s': 'SYN Local Search (0)', 'saved': None, 'ro[19 chars]und'} != {'qui[48 chars]s': '', 'saved': None, 'rows': 'No records found'}
M27 case=EarlyInputSplit.test_B1_58_45_hold_saved_filters_js exit=1 expect_matched=True killed=True
      AssertionError: {'qui[48 chars]s': 'SYN Local Search (0)', 'saved': None, 'ro[19 chars]und'} != {'qui[48 chars]s': '', 'saved': None, 'rows': 'No records found'}
M28 case=EarlyInputSplit.test_B1_15_45_leave_while_holding_worklist_view_js exit=1 expect_matched=True killed=True
      HazardFailure: B1-15/41/42/45: errors while leaving the page at the early moment: ['console.error: Emergency status rendering failed ReferenceError: activeFilterName is not defined\n    at renderActiveFilter (https://syn.test/worklist/hpacs-lite/worklist-data.js:385:23)\n    at renderChips (https://syn.test/worklist/hpacs-lite/worklist-data.js:400:7)\n    at render (https://syn.test/worklist/hpacs-lite/worklist-data.js:263:7)\n    at changed (https://syn.test/worklist/hpacs-lite/worklist-data.js:430:20)\n    at update (https://syn.test/worklist/hpacs-lite/study-priority.js:6:27)\n    at end (h
M29 case=EarlyInputSplit.test_B1_58_45_hold_saved_filters_js exit=1 expect_matched=True killed=True
      HazardFailure: B1-58: uncaught errors on the early input: ['ReferenceError: renderActiveFilter is not defined']
M30 case=EarlyInputSplit.test_B1_58_45_hold_saved_filters_js exit=1 expect_matched=True killed=True
      HazardFailure: B1-58: uncaught errors on the early input: ['ReferenceError: renderChips is not defined']
M31 case=EarlyInputSplit.test_B1_57_45_leave_while_holding_clinical_context_panel_js exit=1 expect_matched=True killed=True
      HazardFailure: B1-57/PRE-P3: errors while leaving the page at the early moment: ['ReferenceError: layoutMode is not defined']
M32 case=EarlyInputSplit.test_B1_57_45_leave_while_holding_clinical_context_panel_js exit=1 expect_matched=True killed=True
      HazardFailure: B1-57/PRE-P3: errors while leaving the page at the early moment: ['ReferenceError: workspaceState is not defined']
M33 case=EarlyInputSplit.test_B1_57_45_leave_while_holding_clinical_context_panel_js exit=1 expect_matched=True killed=True
      HazardFailure: B1-57/PRE-P3: errors while leaving the page at the early moment: ['ReferenceError: portraitLayout is not defined']
M34 case=EarlyInputSplit.test_B1_57_45_leave_while_holding_clinical_context_panel_js exit=1 expect_matched=True killed=True
      HazardFailure: B1-57/PRE-P3: errors while leaving the page at the early moment: ['ReferenceError: workspaceAxis is not defined']
M35 case=EarlyInputSplit.test_B1_57_45_leave_while_holding_clinical_context_panel_js exit=1 expect_matched=True killed=True
      HazardFailure: B1-57/PRE-P3: errors while leaving the page at the early moment: ['ReferenceError: applyLayout is not defined']
M36 case=Registration.test_after_retry_one_quick_match_change_has_one_effect exit=1 expect_matched=True killed=True
      AssertionError: Lists differ: [('#quick-match', 'change', 'a6162491')] != [('#quick-match', 'change', 'a6162491'), ('#quick-match', 'change', '0c03e6b9')]
M37 case=Registration.test_a_report_field_input_reaches_its_listeners_in_the_original_order exit=1 expect_matched=True killed=True
      AssertionError: Lists differ: [('#f[163 chars]t', '76d77c8d'), ('#findings', 'input', '16341[73 chars]06')] != [('#f[163 chars]t', '163411ab'), ('#findings', 'input', '76d77[73 chars]06')]
summary written to tmp\s9-u0a-pre\mutant-driver-1.json
all 37 mutants killed on their own case
